// Jest Snapshot v1, https://goo.gl/fbAQLP

exports[`InjectGuarded with multiple contexts injects correctly 1`] = `null`;
