// Jest Snapshot v1, https://goo.gl/fbAQLP

exports[`nested injected component renders correctly 1`] = `
Array [
  "foo2",
  "bar2",
  "baz",
  "moo",
]
`;
